../Core/Src/main.c:88:5:main	80	static
../Core/Src/main.c:236:10:get_averaged_adc_reading	16	static
../Core/Src/main.c:256:7:convert_voltage_to_weight	88	static
../Core/Src/main.c:274:5:convert_force_to_servo_angle	32	static
../Core/Src/main.c:290:7:convert_angle_to_pwm	24	static
../Core/Src/main.c:301:6:computeData	88	static
../Core/Src/main.c:332:6:HAL_UART_RxCpltCallback	24	static
../Core/Src/main.c:350:13:add_to_buffer	16	static
../Core/Src/main.c:363:13:clear_buffer	4	static
../Core/Src/main.c:373:6:SystemClock_Config	88	static
../Core/Src/main.c:420:13:MX_ADC1_Init	24	static
../Core/Src/main.c:457:13:MX_TIM2_Init	48	static
../Core/Src/main.c:499:13:MX_USART2_UART_Init	8	static
../Core/Src/main.c:520:13:MX_GPIO_Init	32	static
../Core/Src/main.c:547:6:Error_Handler	4	static,ignoring_inline_asm
